DM Object: Mesh 1 MPI processes
  type: plex
Mesh in 3 dimensions:
  0-cells: 8
  1-cells: 19
  2-cells: 18
  3-cells: 6
Labels:
  marker: 1 strata with value/size (1 (20))
  depth: 4 strata with value/size (0 (8), 1 (19), 2 (18), 3 (6))
  DMSWARM_PIC: Using method CellDM->LocatePoints
  DMSWARM_PIC: Using method CellDM->GetNeigbors
DM Object: Particles 1 MPI processes
  type: swarm
DMSwarmDataBucketView: 
  L                  = 6 
  buffer             = 0 
  allocated          = 6 
  nfields registered = 5 
    [  0]     DMSwarm_pid : Mem. usage       = 4.80e-05 (MB) [rank0]
                            blocksize        = 1 
                            atomic size      = 8 
    [  1]    DMSwarm_rank : Mem. usage       = 2.40e-05 (MB) [rank0]
                            blocksize        = 1 
                            atomic size      = 4 
    [  2] DMSwarmPIC_coor : Mem. usage       = 1.44e-04 (MB) [rank0]
                            blocksize        = 3 
                            atomic size      = 24 [full block, bs=3]
                            atomic size/item = 8 
    [  3]  DMSwarm_cellid : Mem. usage       = 2.40e-05 (MB) [rank0]
                            blocksize        = 1 
                            atomic size      = 4 
    [  4]             w_q : Mem. usage       = 4.80e-05 (MB) [rank0]
                            blocksize        = 1 
                            atomic size      = 8 
  Total mem. usage                           = 2.88e-04 (MB) (collective)
L2 projection mass:  9.0000000000000e+00, x-momentum:  4.5000000000000e+00, energy:  7.8750000000000e+00.
L2 projection mass:  9.0000000000000e+00, x-momentum:  4.5000000000000e+00, energy:  7.8750000000000e+00.
L2 projection mass:  9.0000000000000e+00, x-momentum:  4.5000000000000e+00, energy:  7.8750000000000e+00.
