DM Object: Mesh 1 MPI processes
  type: plex
Mesh in 2 dimensions:
  0-cells: 4
  1-cells: 4
  2-cells: 1
Labels:
  depth: 3 strata with value/size (0 (4), 1 (4), 2 (1))
  Face Sets: 4 strata with value/size (4 (1), 2 (1), 1 (1), 3 (1))
  marker: 1 strata with value/size (1 (8))
  DMSWARM_PIC: Using method CellDM->LocatePoints
  DMSWARM_PIC: Using method CellDM->GetNeigbors
DM Object: Particles 1 MPI processes
  type: swarm
DMSwarmDataBucketView: 
  L                  = 1 
  buffer             = 0 
  allocated          = 1 
  nfields registered = 5 
    [  0]     DMSwarm_pid : Mem. usage       = 8.00e-06 (MB) [rank0]
                            blocksize        = 1 
                            atomic size      = 8 
    [  1]    DMSwarm_rank : Mem. usage       = 4.00e-06 (MB) [rank0]
                            blocksize        = 1 
                            atomic size      = 4 
    [  2] DMSwarmPIC_coor : Mem. usage       = 1.60e-05 (MB) [rank0]
                            blocksize        = 2 
                            atomic size      = 16 [full block, bs=2]
                            atomic size/item = 8 
    [  3]  DMSwarm_cellid : Mem. usage       = 4.00e-06 (MB) [rank0]
                            blocksize        = 1 
                            atomic size      = 4 
    [  4]             w_q : Mem. usage       = 8.00e-06 (MB) [rank0]
                            blocksize        = 1 
                            atomic size      = 8 
  Total mem. usage                           = 4.00e-05 (MB) (collective)
L2 projection m ([m - m_p]/m) mass:  1.0000000000000e+00 ( 1.3323e-15), x-momentum:  5.0000000000000e-01 ( 1.3323e-15), energy:  5.0000000000000e-01 ( 1.1102e-15).
L2 projection m ([m - m_p]/m) mass:  1.0000000000000e+00 ( 8.8818e-16), x-momentum:  5.0000000000000e-01 ( 8.8818e-16), energy:  5.0000000000000e-01 ( 6.6613e-16).
L2 projection m ([m - m_p]/m) mass:  1.0000000000000e+00 ( 8.8818e-16), x-momentum:  5.0000000000000e-01 ( 8.8818e-16), energy:  5.0000000000000e-01 ( 1.1102e-15).
