DM Object: Mesh 1 MPI processes
  type: plex
Mesh in 2 dimensions:
  0-cells: 9
  1-cells: 16
  2-cells: 8
Labels:
  Face Sets: 1 strata with value/size (1 (8))
  marker: 1 strata with value/size (1 (16))
  depth: 3 strata with value/size (0 (9), 1 (16), 2 (8))
  DMSWARM_PIC: Using method CellDM->LocatePoints
  DMSWARM_PIC: Using method CellDM->GetNeigbors
DM Object: Particles 1 MPI processes
  type: swarm
DMSwarmDataBucketView: 
  L                  = 8 
  buffer             = 0 
  allocated          = 8 
  nfields registered = 5 
    [  0]     DMSwarm_pid : Mem. usage       = 6.40e-05 (MB) [rank0]
                            blocksize        = 1 
                            atomic size      = 8 
    [  1]    DMSwarm_rank : Mem. usage       = 3.20e-05 (MB) [rank0]
                            blocksize        = 1 
                            atomic size      = 4 
    [  2] DMSwarmPIC_coor : Mem. usage       = 1.28e-04 (MB) [rank0]
                            blocksize        = 2 
                            atomic size      = 16 [full block, bs=2]
                            atomic size/item = 8 
    [  3]  DMSwarm_cellid : Mem. usage       = 3.20e-05 (MB) [rank0]
                            blocksize        = 1 
                            atomic size      = 4 
    [  4]             w_q : Mem. usage       = 6.40e-05 (MB) [rank0]
                            blocksize        = 1 
                            atomic size      = 8 
  Total mem. usage                           = 3.20e-04 (MB) (collective)
L2 projection mass:  8.0000000000000e+00, x-momentum:  4.6111111111111e+00, energy:  6.3333333333333e+00.
L2 projection mass:  8.0000000000000e+00, x-momentum:  4.6111111111111e+00, energy:  6.3333333333333e+00.
L2 projection mass:  8.0000000000000e+00, x-momentum:  4.6111111111111e+00, energy:  6.3333333333333e+00.
