DM Object: Mesh 1 MPI processes
  type: plex
Mesh in 3 dimensions:
  0-cells: 8
  1-cells: 19
  2-cells: 18
  3-cells: 6
Labels:
  marker: 1 strata with value/size (1 (20))
  depth: 4 strata with value/size (0 (8), 1 (19), 2 (18), 3 (6))
  DMSWARM_PIC: Using method CellDM->LocatePoints
  DMSWARM_PIC: Using method CellDM->GetNeigbors
DM Object: Particles 1 MPI processes
  type: swarm
DMSwarmDataBucketView: 
  L                  = 30 
  buffer             = 0 
  allocated          = 30 
  nfields registered = 5 
    [  0]     DMSwarm_pid : Mem. usage       = 2.40e-04 (MB) [rank0]
                            blocksize        = 1 
                            atomic size      = 8 
    [  1]    DMSwarm_rank : Mem. usage       = 1.20e-04 (MB) [rank0]
                            blocksize        = 1 
                            atomic size      = 4 
    [  2] DMSwarmPIC_coor : Mem. usage       = 7.20e-04 (MB) [rank0]
                            blocksize        = 3 
                            atomic size      = 24 [full block, bs=3]
                            atomic size/item = 8 
    [  3]  DMSwarm_cellid : Mem. usage       = 1.20e-04 (MB) [rank0]
                            blocksize        = 1 
                            atomic size      = 4 
    [  4]             w_q : Mem. usage       = 2.40e-04 (MB) [rank0]
                            blocksize        = 1 
                            atomic size      = 8 
  Total mem. usage                           = 1.44e-03 (MB) (collective)
L2 projection m ([m - m_p]/m) mass:  6.7698853766673e+00 ( 2.4927e-15), x-momentum:  2.3386967792115e+00 ( 3.0382e-15), energy:  8.2975809863470e+00 ( 2.5690e-15).
L2 projection m ([m - m_p]/m) mass:  6.7698853766673e+00 ( 3.9359e-16), x-momentum:  2.3386967792115e+00 (-7.5955e-16), energy:  8.2975809863470e+00 ( 0.0000e+00).
L2 projection m ([m - m_p]/m) mass:  6.7698853766673e+00 ( 1.9679e-15), x-momentum:  2.3386967792115e+00 ( 2.6584e-15), energy:  8.2975809863470e+00 ( 1.2845e-15).
