DM Object: Mesh 1 MPI processes
  type: plex
Mesh in 3 dimensions:
  0-cells: 27
  1-cells: 98
  2-cells: 120
  3-cells: 48
Labels:
  depth: 4 strata with value/size (0 (27), 1 (98), 2 (120), 3 (48))
  DMSWARM_PIC: Using method CellDM->LocatePoints
  DMSWARM_PIC: Using method CellDM->GetNeigbors
DM Object: Particles 1 MPI processes
  type: swarm
DMSwarmDataBucketView: 
  L                  = 240 
  buffer             = 0 
  allocated          = 240 
  nfields registered = 5 
    [  0]     DMSwarm_pid : Mem. usage       = 1.92e-03 (MB) [rank0]
                            blocksize        = 1 
                            atomic size      = 8 
    [  1]    DMSwarm_rank : Mem. usage       = 9.60e-04 (MB) [rank0]
                            blocksize        = 1 
                            atomic size      = 4 
    [  2] DMSwarmPIC_coor : Mem. usage       = 5.76e-03 (MB) [rank0]
                            blocksize        = 3 
                            atomic size      = 24 [full block, bs=3]
                            atomic size/item = 8 
    [  3]  DMSwarm_cellid : Mem. usage       = 9.60e-04 (MB) [rank0]
                            blocksize        = 1 
                            atomic size      = 4 
    [  4]             w_q : Mem. usage       = 1.92e-03 (MB) [rank0]
                            blocksize        = 1 
                            atomic size      = 8 
  Total mem. usage                           = 1.15e-02 (MB) (collective)
L2 projection mass:  6.8669342780993e+01, x-momentum:  4.0192988006024e+01, energy:  9.9640077157490e+01.
L2 projection mass:  6.8669342780993e+01, x-momentum:  4.0192988006024e+01, energy:  9.9640077157490e+01.
L2 projection mass:  6.8669342780993e+01, x-momentum:  4.0192988006024e+01, energy:  9.9640077157490e+01.
