DM Object: Mesh 1 MPI processes
  type: plex
Mesh in 2 dimensions:
  0-cells: 4
  1-cells: 4
  2-cells: 1
Labels:
  depth: 3 strata with value/size (0 (4), 1 (4), 2 (1))
  Face Sets: 4 strata with value/size (4 (1), 2 (1), 1 (1), 3 (1))
  marker: 1 strata with value/size (1 (8))
  DMSWARM_PIC: Using method CellDM->LocatePoints
  DMSWARM_PIC: Using method CellDM->GetNeigbors
DM Object: Particles 1 MPI processes
  type: swarm
DMSwarmDataBucketView: 
  L                  = 5 
  buffer             = 0 
  allocated          = 5 
  nfields registered = 5 
    [  0]     DMSwarm_pid : Mem. usage       = 4.00e-05 (MB) [rank0]
                            blocksize        = 1 
                            atomic size      = 8 
    [  1]    DMSwarm_rank : Mem. usage       = 2.00e-05 (MB) [rank0]
                            blocksize        = 1 
                            atomic size      = 4 
    [  2] DMSwarmPIC_coor : Mem. usage       = 8.00e-05 (MB) [rank0]
                            blocksize        = 2 
                            atomic size      = 16 [full block, bs=2]
                            atomic size/item = 8 
    [  3]  DMSwarm_cellid : Mem. usage       = 2.00e-05 (MB) [rank0]
                            blocksize        = 1 
                            atomic size      = 4 
    [  4]             w_q : Mem. usage       = 4.00e-05 (MB) [rank0]
                            blocksize        = 1 
                            atomic size      = 8 
  Total mem. usage                           = 2.00e-04 (MB) (collective)
L2 projection mass:  1.7225683439093e+00, x-momentum:  1.2403042849797e+00, energy:  8.9963636005352e-01.
L2 projection mass:  1.7225683439093e+00, x-momentum:  1.2403042849797e+00, energy:  8.9963636005352e-01.
L2 projection mass:  1.7225683439093e+00, x-momentum:  1.2403042849797e+00, energy:  8.9963636005352e-01.
