DM Object: Mesh 1 MPI processes
  type: plex
Mesh in 2 dimensions:
  0-cells: 4
  1-cells: 5
  2-cells: 2
Labels:
  Face Sets: 1 strata with value/size (1 (4))
  marker: 1 strata with value/size (1 (8))
  depth: 3 strata with value/size (0 (4), 1 (5), 2 (2))
  DMSWARM_PIC: Using method CellDM->LocatePoints
  DMSWARM_PIC: Using method CellDM->GetNeigbors
DM Object: Particles 1 MPI processes
  type: swarm
DMSwarmDataBucketView: 
  L                  = 2 
  buffer             = 0 
  allocated          = 2 
  nfields registered = 6 
    [  0]     DMSwarm_pid : Mem. usage       = 1.60e-05 (MB) [rank0]
                            blocksize        = 1 
                            atomic size      = 8 
    [  1]    DMSwarm_rank : Mem. usage       = 8.00e-06 (MB) [rank0]
                            blocksize        = 1 
                            atomic size      = 4 
    [  2] DMSwarmPIC_coor : Mem. usage       = 3.20e-05 (MB) [rank0]
                            blocksize        = 2 
                            atomic size      = 16 [full block, bs=2]
                            atomic size/item = 8 
    [  3]  DMSwarm_cellid : Mem. usage       = 8.00e-06 (MB) [rank0]
                            blocksize        = 1 
                            atomic size      = 4 
    [  4]             w_q : Mem. usage       = 1.60e-05 (MB) [rank0]
                            blocksize        = 1 
                            atomic size      = 8 
    [  5]      kinematics : Mem. usage       = 3.20e-05 (MB) [rank0]
                            blocksize        = 2 
                            atomic size      = 16 [full block, bs=2]
                            atomic size/item = 8 
  Total mem. usage                           = 1.12e-04 (MB) (collective)
Energy: 81.92
Modified energy: 81.92
Energy: 2949.12
Modified energy: 2949.12
Energy: 81.92
Modified energy: 81.9233
Energy: 2949.12
Modified energy: 2949.24
Energy: 81.92
Modified energy: 81.9266
Energy: 2949.12
Modified energy: 2949.36
Energy: 81.92
Modified energy: 81.9298
Energy: 2949.12
Modified energy: 2949.47
Energy: 81.92
Modified energy: 81.9328
Energy: 2949.12
Modified energy: 2949.58
Energy: 81.92
Modified energy: 81.9357
Energy: 2949.12
Modified energy: 2949.68
Energy: 81.92
Modified energy: 81.9382
Energy: 2949.12
Modified energy: 2949.78
Energy: 81.92
Modified energy: 81.9405
Energy: 2949.12
Modified energy: 2949.86
Energy: 81.92
Modified energy: 81.9424
Energy: 2949.12
Modified energy: 2949.93
Energy: 81.92
Modified energy: 81.944
Energy: 2949.12
Modified energy: 2949.98
Energy: 81.92
Modified energy: 81.9451
Energy: 2949.12
Modified energy: 2950.02
Energy: 81.92
Modified energy: 81.9459
Energy: 2949.12
Modified energy: 2950.05
Energy: 81.92
Modified energy: 81.9462
Energy: 2949.12
Modified energy: 2950.06
Energy: 81.92
Modified energy: 81.9461
Energy: 2949.12
Modified energy: 2950.06
Energy: 81.92
Modified energy: 81.9456
Energy: 2949.12
Modified energy: 2950.04
Energy: 81.92
Modified energy: 81.9446
Energy: 2949.12
Modified energy: 2950.01
Energy: 81.92
Modified energy: 81.9433
Energy: 2949.12
Modified energy: 2949.96
Energy: 81.92
Modified energy: 81.9416
Energy: 2949.12
Modified energy: 2949.9
Energy: 81.92
Modified energy: 81.9395
Energy: 2949.12
Modified energy: 2949.82
Energy: 81.92
Modified energy: 81.9371
Energy: 2949.12
Modified energy: 2949.74
Energy: 81.92
Modified energy: 81.9344
Energy: 2949.12
Modified energy: 2949.64
Energy: 81.92
Modified energy: 81.9315
Energy: 2949.12
Modified energy: 2949.53
Energy: 81.92
Modified energy: 81.9284
Energy: 2949.12
Modified energy: 2949.42
Energy: 81.92
Modified energy: 81.9252
Energy: 2949.12
Modified energy: 2949.31
Energy: 81.92
Modified energy: 81.9218
Energy: 2949.12
Modified energy: 2949.19
Energy: 81.92
Modified energy: 81.9185
Energy: 2949.12
Modified energy: 2949.07
Energy: 81.92
Modified energy: 81.9152
Energy: 2949.12
Modified energy: 2948.95
Energy: 81.92
Modified energy: 81.9119
Energy: 2949.12
Modified energy: 2948.83
Energy: 81.92
Modified energy: 81.9088
Energy: 2949.12
Modified energy: 2948.72
Energy: 81.92
Modified energy: 81.9059
Energy: 2949.12
Modified energy: 2948.61
Energy: 81.92
Modified energy: 81.9032
Energy: 2949.12
Modified energy: 2948.51
Energy: 81.92
Modified energy: 81.9007
Energy: 2949.12
Modified energy: 2948.43
Energy: 81.92
Modified energy: 81.8986
Energy: 2949.12
Modified energy: 2948.35
Energy: 81.92
Modified energy: 81.8969
Energy: 2949.12
Modified energy: 2948.29
Energy: 81.92
Modified energy: 81.8955
Energy: 2949.12
Modified energy: 2948.24
Energy: 81.92
Modified energy: 81.8945
Energy: 2949.12
Modified energy: 2948.2
Energy: 81.92
Modified energy: 81.8939
Energy: 2949.12
Modified energy: 2948.18
Energy: 81.92
Modified energy: 81.8938
Energy: 2949.12
Modified energy: 2948.18
Energy: 81.92
Modified energy: 81.8941
Energy: 2949.12
Modified energy: 2948.19
Energy: 81.92
Modified energy: 81.8948
Energy: 2949.12
Modified energy: 2948.21
Energy: 81.92
Modified energy: 81.8959
Energy: 2949.12
Modified energy: 2948.25
Energy: 81.92
Modified energy: 81.8975
Energy: 2949.12
Modified energy: 2948.31
Energy: 81.92
Modified energy: 81.8994
Energy: 2949.12
Modified energy: 2948.38
Energy: 81.92
Modified energy: 81.9016
Energy: 2949.12
Modified energy: 2948.46
Energy: 81.92
Modified energy: 81.9041
Energy: 2949.12
Modified energy: 2948.55
Energy: 81.92
Modified energy: 81.9069
Energy: 2949.12
Modified energy: 2948.65
Energy: 81.92
Modified energy: 81.9099
Energy: 2949.12
Modified energy: 2948.76
Energy: 81.92
Modified energy: 81.9131
Energy: 2949.12
Modified energy: 2948.87
Energy: 81.92
Modified energy: 81.9164
Energy: 2949.12
Modified energy: 2948.99
Energy: 81.92
Modified energy: 81.9197
Energy: 2949.12
Modified energy: 2949.11
Energy: 81.92
Modified energy: 81.9231
Energy: 2949.12
Modified energy: 2949.23
Energy: 81.92
Modified energy: 81.9264
Energy: 2949.12
Modified energy: 2949.35
Energy: 81.92
Modified energy: 81.9295
Energy: 2949.12
Modified energy: 2949.46
Energy: 81.92
Modified energy: 81.9326
Energy: 2949.12
Modified energy: 2949.57
Energy: 81.92
Modified energy: 81.9354
Energy: 2949.12
Modified energy: 2949.68
Energy: 81.92
Modified energy: 81.938
Energy: 2949.12
Modified energy: 2949.77
Energy: 81.92
Modified energy: 81.9403
Energy: 2949.12
Modified energy: 2949.85
Energy: 81.92
Modified energy: 81.9422
Energy: 2949.12
Modified energy: 2949.92
Energy: 81.92
Modified energy: 81.9438
Energy: 2949.12
Modified energy: 2949.98
Energy: 81.92
Modified energy: 81.945
Energy: 2949.12
Modified energy: 2950.02
Energy: 81.92
Modified energy: 81.9458
Energy: 2949.12
Modified energy: 2950.05
Energy: 81.92
Modified energy: 81.9462
Energy: 2949.12
Modified energy: 2950.06
Energy: 81.92
Modified energy: 81.9461
Energy: 2949.12
Modified energy: 2950.06
Energy: 81.92
Modified energy: 81.9456
Energy: 2949.12
Modified energy: 2950.04
Energy: 81.92
Modified energy: 81.9447
Energy: 2949.12
Modified energy: 2950.01
Energy: 81.92
Modified energy: 81.9434
Energy: 2949.12
Modified energy: 2949.96
Energy: 81.92
Modified energy: 81.9417
Energy: 2949.12
Modified energy: 2949.9
Energy: 81.92
Modified energy: 81.9397
Energy: 2949.12
Modified energy: 2949.83
Energy: 81.92
Modified energy: 81.9373
Energy: 2949.12
Modified energy: 2949.74
Energy: 81.92
Modified energy: 81.9347
Energy: 2949.12
Modified energy: 2949.65
Energy: 81.92
Modified energy: 81.9318
Energy: 2949.12
Modified energy: 2949.54
Energy: 81.92
Modified energy: 81.9287
Energy: 2949.12
Modified energy: 2949.43
Energy: 81.92
Modified energy: 81.9254
Energy: 2949.12
Modified energy: 2949.32
Energy: 81.92
Modified energy: 81.9221
Energy: 2949.12
Modified energy: 2949.2
Energy: 81.92
Modified energy: 81.9188
Energy: 2949.12
Modified energy: 2949.08
Energy: 81.92
Modified energy: 81.9154
Energy: 2949.12
Modified energy: 2948.96
Energy: 81.92
Modified energy: 81.9122
Energy: 2949.12
Modified energy: 2948.84
Energy: 81.92
Modified energy: 81.9091
Energy: 2949.12
Modified energy: 2948.73
Energy: 81.92
Modified energy: 81.9061
Energy: 2949.12
Modified energy: 2948.62
Energy: 81.92
Modified energy: 81.9034
Energy: 2949.12
Modified energy: 2948.52
Energy: 81.92
Modified energy: 81.9009
Energy: 2949.12
Modified energy: 2948.43
Energy: 81.92
Modified energy: 81.8988
Energy: 2949.12
Modified energy: 2948.36
Energy: 81.92
Modified energy: 81.897
Energy: 2949.12
Modified energy: 2948.29
Energy: 81.92
Modified energy: 81.8956
Energy: 2949.12
Modified energy: 2948.24
Energy: 81.92
Modified energy: 81.8946
Energy: 2949.12
Modified energy: 2948.2
Energy: 81.92
Modified energy: 81.894
Energy: 2949.12
Modified energy: 2948.18
Energy: 81.92
Modified energy: 81.8938
Energy: 2949.12
Modified energy: 2948.18
Energy: 81.92
Modified energy: 81.894
Energy: 2949.12
Modified energy: 2948.19
Energy: 81.92
Modified energy: 81.8947
Energy: 2949.12
Modified energy: 2948.21
Energy: 81.92
Modified energy: 81.8958
Energy: 2949.12
Modified energy: 2948.25
Energy: 81.92
Modified energy: 81.8973
Energy: 2949.12
Modified energy: 2948.3
Energy: 81.92
Modified energy: 81.8992
Energy: 2949.12
Modified energy: 2948.37
Energy: 81.92
Modified energy: 81.9014
Energy: 2949.12
Modified energy: 2948.45
Energy: 81.92
Modified energy: 81.9039
Energy: 2949.12
Modified energy: 2948.54
Energy: 81.92
Modified energy: 81.9066
Energy: 2949.12
Modified energy: 2948.64
Energy: 81.92
Modified energy: 81.9096
Energy: 2949.12
Modified energy: 2948.75
Energy: 81.92
Modified energy: 81.9128
Energy: 2949.12
Modified energy: 2948.86
Energy: 81.92
Modified energy: 81.9161
Energy: 2949.12
Modified energy: 2948.98
Energy: 81.92
Modified energy: 81.9194
Energy: 2949.12
Modified energy: 2949.1
Energy: 81.92
Modified energy: 81.9228
Energy: 2949.12
Modified energy: 2949.22
Energy: 81.92
Modified energy: 81.9261
Energy: 2949.12
Modified energy: 2949.34
The particle solution for (xp, vp) at time 0.100000 is [0.198637 -1.49183]
The exact solution for (xp, vp) at time 0.100000 is [0.198637 -1.49183]
Exact Particle Energy: 81.92
The particle solution for (xp, vp) at time 0.100000 is [1.19182 -8.95099]
The exact solution for (xp, vp) at time 0.100000 is [1.19182 -8.95098]
Exact Particle Energy: 2949.12
